
host ukko3-805.local.cs.helsinki.fi

host ukko3-805.local.cs.helsinki.fi
message: 2 4 sender: 2
message: 1 4 sender: 1
message: 3 4 sender: 3

host ukko3-805.local.cs.helsinki.fi

host ukko3-805.local.cs.helsinki.fi
